
================================================================================
                                 澶氳瑷€鍒囨崲鍔熻兘瀹屾暣娴嬭瘯濂椾欢                                 
================================================================================

================================================================================
                                 娴嬭瘯 1: 绾枃鏈瑷€妫€娴?                                
================================================================================
鉁?PASS | 涓枃闂€欓暱鍙?                                  | 鏈熸湜: 涓枃       | 瀹為檯: 涓枃      
鉁?PASS | 涓枃绠€鍗曢棶鍊?                                  | 鏈熸湜: 涓枃       | 瀹為檯: 涓枃      
鉁?PASS | 涓枃鎶曡瘔                                     | 鏈熸湜: 涓枃       | 瀹為檯: 涓枃      
鉁?PASS | 鑻辨枃闂€欓暱鍙?                                  | 鏈熸湜: 鑻辨枃       | 瀹為檯: 鑻辨枃      
鉁?PASS | 鑻辨枃绠€鍗曢棶鍊?                                  | 鏈熸湜: 鑻辨枃       | 瀹為檯: 鑻辨枃      
鉁?PASS | 鑻辨枃鎶曡瘔                                     | 鏈熸湜: 鑻辨枃       | 瀹為檯: 鑻辨枃      
鉁?PASS | 鏃ユ枃闂€欓暱鍙?                                  | 鏈熸湜: 鏃ユ枃       | 瀹為檯: 鏃ユ枃      
鉁?PASS | 鏃ユ枃鎰熻阿                                     | 鏈熸湜: 鏃ユ枃       | 瀹為檯: 鏃ユ枃      
鉁?PASS | 鏃ユ枃鎶曡瘔                                     | 鏈熸湜: 鏃ユ枃       | 瀹為檯: 鏃ユ枃      

绾枃鏈娴嬮€氳繃鐜? 9/9

================================================================================
                              娴嬭瘯 2: 娣峰悎璇█璇嗗埆涓庝富瑕佽瑷€鍒ゅ畾                              
================================================================================
鉁?PASS | 涓枃涓轰富+灏戦噺鑻辨枃鏈                      | 璇█: 涓枃  /涓枃   | 娣峰悎: true /true  | ZH:77% EN:23% JA:0%
鉁?PASS | 鑻辨枃涓轰富+涓枃璇?璁㈠崟鍙?                    | 璇█: 鑻辨枃  /鑻辨枃   | 娣峰悎: true /true  | ZH:9% EN:91% JA:0%
鉁?PASS | 涓枃涓轰富+鎶€鏈湳璇?API JSON               | 璇█: 涓枃  /涓枃   | 娣峰悎: true /true  | ZH:100% EN:0% JA:0%
鉁?PASS | 涓嫳鏃ユ贩鍚堜絾鑻辨枃鍗犳瘮鏈€楂?                    | 璇█: 鑻辨枃  /鑻辨枃   | 娣峰悎: true /true  | ZH:32% EN:68% JA:0%
鉁?PASS | 鏃ユ枃涓轰富+鎶€鏈湳璇?SDK REST API           | 璇█: 鏃ユ枃  /鏃ユ枃   | 娣峰悎: true /true  | ZH:15% EN:0% JA:85%

娣峰悎璇█妫€娴嬮€氳繃鐜? 5/5

================================================================================
                                娴嬭瘯 3: 涓撲笟鏈璇嗗埆涓庝繚鐣?                               
================================================================================
鉁?PASS | 鎶€鏈湳璇?REST API JSON               | 鎵惧埌: [REST, API, JSON] | 鏈熸湜鍖呭惈: [REST, API, JSON]
鉁?PASS | 璁㈠崟鍙?+ 鏀粯骞冲彴                       | 鎵惧埌: [PayPal, ORD, ORD-2024-99999] | 鏈熸湜鍖呭惈: [ORD-2024-99999, PayPal]
鉁?PASS | 浜戣绠楁湳璇?AWS Docker Redis           | 鎵惧埌: [AWS, Docker, Redis] | 鏈熸湜鍖呭惈: [AWS, Docker, Redis]
鉁?PASS | SKU鍙?+ 閭                        | 鎵惧埌: [SKU, PRO, @example, test@example.com, SKU-PRO-001] | 鏈熸湜鍖呭惈: [SKU-PRO-001, test@example.com]
鉁?PASS | URL + 鎶€鏈湳璇?                      | 鎵惧埌: [https, api, API, https://api.example.com/docs] | 鏈熸湜鍖呭惈: [https://api.example.com/docs, API]

涓撲笟鏈璇嗗埆閫氳繃鐜? 5/5

================================================================================
                                  娴嬭瘯 4: 璇█鍒囨崲绛栫暐                                  
================================================================================

鈹€鈹€ 娴嬭瘯 4.1: 棣栨潯娑堟伅鑷姩妫€娴?鈹€鈹€
鉁?PASS | 鍒濆鑻辨枃鈫掗鏉′腑鏂囨秷鎭?鈫?鍒囨崲涓枃 (first_message_language_detection) | 鏈熸湜: 鍒囨崲鈫掍腑鏂?   | 瀹為檯: 鍒囨崲鈫掍腑鏂?  
鉁?PASS | 鍒濆涓枃鈫掗鏉¤嫳鏂囨秷鎭?鈫?鍒囨崲鑻辨枃 (first_message_language_detection) | 鏈熸湜: 鍒囨崲鈫掕嫳鏂?   | 瀹為檯: 鍒囨崲鈫掕嫳鏂?  
鉁?PASS | 鍒濆涓枃鈫掗鏉℃棩鏂囨秷鎭?鈫?鍒囨崲鏃ユ枃 (first_message_language_detection) | 鏈熸湜: 鍒囨崲鈫掓棩鏂?   | 瀹為檯: 鍒囨崲鈫掓棩鏂?  

鈹€鈹€ 娴嬭瘯 4.2: 涓€斿垏鎹㈣瑷€锛堥渶涓€鑷存€т俊鍙凤級 鈹€鈹€

鍦烘櫙: 涓枃瀵硅瘽 鈫?鍒囨崲鍒拌嫳鏂囷紙闇€瑕?鏉¤嫳鏂囦俊鍙锋墠鍒囨崲锛?  绗?鏉? "浣犲ソ锛岃闂垜鐨勮鍗曚粈涔堟椂鍊欏彂璐э紵" 鈫?鉁?淇濇寔 鈫?褰撳墠璇█: 涓枃 (detected_language_matches_current)
  绗?鏉? "I want to speak English now" 鈫?鉁?鍒囨崲 鈫?褰撳墠璇█: 鑻辨枃 (strong_language_signal)
  绗?鏉? "Can you help me check my order" 鈫?鉁?淇濇寔 鈫?褰撳墠璇█: 鑻辨枃 (detected_language_matches_current)

鈹€鈹€ 娴嬭瘯 4.3: 寮鸿瑷€淇″彿绔嬪嵆鍒囨崲 鈹€鈹€

  涓枃鑳屾櫙涓嬫敹鍒板己鑻辨枃淇″彿:
  娑堟伅: "I need to speak with someone immediately regarding my order...."
  缁撴灉: 鉁?绔嬪嵆鍒囨崲 鈫?鑻辨枃 (缃俊搴? 100%)

鈹€鈹€ 娴嬭瘯 4.4: 灏戦噺澶规潅涓嶈Е鍙戝垏鎹?鈹€鈹€

  涓枃澶规潅灏戦噺鑻辨枃:"鎴戠殑璁㈠崟 order ABC123 浠€涔堟椂鍊欏彂璐э紵Please help!"
  缁撴灉: 鉁?淇濇寔涓枃 鈫?涓枃 (detected_language_matches_current)

棣栨潯娑堟伅妫€娴嬮€氳繃鐜? 3/3

================================================================================
                              娴嬭瘯 5: 鍥炲鐢熸垚 - 涓撲笟鏈淇濈暀                              
================================================================================

鍦烘櫙: 涓枃鍞悗 + 鏈 ORD-99999 API JSON
鐢ㄦ埛: "鎴戠殑璁㈠崟 ORD-99999 璋冪敤 API 鏃?JSON 杩斿洖閿欒"
鍥炲璇█: 涓枃
鍥炲鍐呭棰勮:
  鎰熻阿鍙嶉锛佹垜浠殑鍞悗鍥㈤槦浼氱璇氫负鎮ㄦ湇鍔°€傝鎻忚堪涓€涓嬪叿浣撶殑鏁呴殰鐜拌薄鍜岃喘涔版椂闂达紝鎴戝皢涓烘偍鍖归厤鏈€鍚堥€傜殑瑙ｅ喅鏂规锛堢淮淇?鎹㈡柊/閫€娆撅級銆?
馃搵 宸茶瘑鍒埌鎮ㄦ彁鍒扮殑鍏抽敭淇℃伅锛?`API` 路 `JSON` 路 `ORD` 路 `ORD-99999`
鏈淇濈暀妫€鏌? 鉁?鍏ㄩ儴淇濈暀 [API, JSON, ORD, ORD-99999]

鍦烘櫙: 鑻辨枃鍞悗 + 鏈 ABC123 PayPal REST API
鐢ㄦ埛: "Order #ABC123 using PayPal payment, the REST API returns error"
鍥炲璇█: 鑻辨枃
鍥炲鍐呭棰勮:
  Sorry you are dealing with this! We will resolve it quickly for you. Please share your order number and the specific fault, and I will start the after-sales process right away.

馃搵 Key items mentioned...
鏈淇濈暀妫€鏌? 鉁?鍏ㄩ儴淇濈暀 [REST, API, PayPal, ABC123, #ABC123]

================================================================================
                                      娴嬭瘯鎬荤粨                                      
================================================================================

澶氳瑷€鍒囨崲鍔熻兘娴嬭瘯瑕佺偣:
鈹€鈹€鈹€鈹€鈹€鈹€鈹€鈹€鈹€鈹€鈹€鈹€鈹€鈹€鈹€鈹€鈹€鈹€鈹€鈹€鈹€鈹€鈹€鈹€鈹€鈹€鈹€鈹€鈹€鈹€鈹€鈹€鈹€鈹€鈹€鈹€鈹€鈹€鈹€鈹€鈹€鈹€鈹€鈹€鈹€鈹€鈹€鈹€鈹€鈹€鈹€鈹€鈹€鈹€鈹€鈹€
1. 鉁?鑷姩璇█妫€娴?       鈫?鏀寔涓?鑻?鏃ヤ笁绉嶈瑷€鑷姩璇嗗埆
2. 鉁?棣栨潯娑堟伅纭畾璇█     鈫?棣栨潯娑堟伅鑷姩璇嗗埆鍚庡缓绔嬮粯璁よ瑷€
3. 鉁?涓€旀櫤鑳藉垏鎹?       鈫?闇€杩炵画涓€鑷存€т俊鍙?/ 寮轰俊鍙锋墠鍒囨崲锛岄伩鍏嶈鍒?4. 鉁?娣峰悎璇█澶勭悊        鈫?璇嗗埆涓昏璇█ + 鏍囪娣峰悎鐘舵€?5. 鉁?涓撲笟鏈淇濈暀        鈫?鎶€鏈湳璇?璁㈠崟鍙?URL/閭绛夊湪鍥炲涓師鏍蜂繚鐣?6. 鉁?浣庣疆淇″害闃茶鍒?     鈫?澶规潅灏戦噺澶栬涓嶈Е鍙戝垏鎹?
鏍稿績绠楁硶璇存槑:
鈹€鈹€鈹€鈹€鈹€鈹€鈹€鈹€鈹€鈹€鈹€鈹€鈹€鈹€鈹€鈹€鈹€鈹€鈹€鈹€鈹€鈹€鈹€鈹€鈹€鈹€鈹€鈹€鈹€鈹€鈹€鈹€鈹€鈹€鈹€鈹€鈹€鈹€鈹€鈹€鈹€鈹€鈹€鈹€鈹€鈹€鈹€鈹€鈹€鈹€鈹€鈹€鈹€鈹€鈹€鈹€
鈥?瀛楃缁熻: 缁熻 CJK(涓棩闊╂眽瀛? / 鎷変竵瀛楁瘝 / 鏃ユ枃鍋囧悕鏁伴噺
鈥?鍘诲櫔澶勭悊: 妫€娴嬪墠鍓旈櫎涓撲笟鏈/鏁板瓧/鏍囩偣閬垮厤骞叉壈
鈥?娣峰悎鍒ゅ畾: 娆¤瑷€ >15% 涓?涓昏瑷€ <85% 鏃舵爣璁颁负娣峰悎
鈥?鍒囨崲闃堝€? 棣栨潯娑堟伅 50% 缃俊搴? 鍚庣画娑堟伅闇€ 70%+
鈥?涓€鑷存€х獥鍙? 杩炵画 2 鏉″悓璇█淇″彿瑙﹀彂鍒囨崲
鈥?寮轰俊鍙疯眮鍏? 鍗曟潯 85%+ 缃俊搴︾珛鍗冲垏鎹?  
